net12_h01     4 qubits   p_best p1=30%  p2=1%  p3=28%   random=12.5%   hit_100=100%
net12_h02     4 qubits   p_best p1=17%  p2=30%  p3=40%   random=6.2%   hit_100=100%
net12_h03     7 qubits   p_best p1=4%  p2=4%  p3=7%   random=0.8%   hit_100=100%
net12_h04     5 qubits   p_best p1=21%  p2=13%  p3=16%   random=3.1%   hit_100=100%
net12_h06     7 qubits   p_best p1=13%  p2=15%  p3=23%   random=0.8%   hit_100=100%
net12_h07    10 qubits   p_best p1=2%  p2=2%  p3=2%   random=0.1%   hit_100=82%
net12_h08     5 qubits   p_best p1=19%  p2=17%  p3=41%   random=3.1%   hit_100=100%
net12_h09     5 qubits   p_best p1=20%  p2=13%  p3=16%   random=3.1%   hit_100=100%
net12_h10     5 qubits   p_best p1=10%  p2=17%  p3=19%   random=3.1%   hit_100=100%
net12_r02     4 qubits   p_best p1=13%  p2=46%  p3=73%   random=6.2%   hit_100=100%
net12_r03     7 qubits   p_best p1=4%  p2=4%  p3=5%   random=0.8%   hit_100=100%
net12_r04     7 qubits   p_best p1=11%  p2=15%  p3=25%   random=0.8%   hit_100=100%
net12_r05     4 qubits   p_best p1=15%  p2=54%  p3=65%   random=6.2%   hit_100=100%
net12_r06     7 qubits   p_best p1=9%  p2=12%  p3=17%   random=0.8%   hit_100=100%
net12_r07     5 qubits   p_best p1=11%  p2=19%  p3=22%   random=3.1%   hit_100=100%
net12_r08     5 qubits   p_best p1=15%  p2=15%  p3=17%   random=3.1%   hit_100=100%
net12_r09     5 qubits   p_best p1=16%  p2=17%  p3=37%   random=3.1%   hit_100=100%
net12_r10     5 qubits   p_best p1=27%  p2=31%  p3=70%   random=3.1%   hit_100=100%
net12_r11     6 qubits   p_best p1=12%  p2=14%  p3=17%   random=1.6%   hit_100=100%
net12_r12     7 qubits   p_best p1=8%  p2=9%  p3=11%   random=0.8%   hit_100=100%
net12_r13     7 qubits   p_best p1=3%  p2=4%  p3=3%   random=0.8%   hit_100=93%
net12_r14     8 qubits   p_best p1=3%  p2=2%  p3=3%   random=0.4%   hit_100=95%
net12_r15     2 qubits   p_best p1=60%  p2=68%  p3=93%   random=25.0%   hit_100=100%
net22_r01     5 qubits   p_best p1=12%  p2=12%  p3=15%   random=3.1%   hit_100=100%
net22_r02     4 qubits   p_best p1=13%  p2=46%  p3=73%   random=6.2%   hit_100=100%
net22_r03    11 qubits   p_best p1=1%  p2=1%  p3=1%   random=0.1%   hit_100=50%
net22_r04     7 qubits   p_best p1=7%  p2=4%  p3=7%   random=0.8%   hit_100=100%
net22_r05     4 qubits   p_best p1=15%  p2=54%  p3=65%   random=6.2%   hit_100=100%
net22_r06     6 qubits   p_best p1=6%  p2=19%  p3=38%   random=1.6%   hit_100=100%
net22_r07    10 qubits   p_best p1=3%  p2=3%  p3=2%   random=0.1%   hit_100=90%
net22_r08     4 qubits   p_best p1=16%  p2=24%  p3=37%   random=6.2%   hit_100=100%
net22_r09    12 qubits   p_best p1=2%  p2=2%  p3=2%   random=0.0%   hit_100=88%
net22_r10     8 qubits   p_best p1=3%  p2=12%  p3=28%   random=0.4%   hit_100=100%
net22_r11     5 qubits   p_best p1=19%  p2=20%  p3=30%   random=3.1%   hit_100=100%
net22_r12     9 qubits   p_best p1=2%  p2=2%  p3=2%   random=0.2%   hit_100=84%
net22_r13    10 qubits   p_best p1=4%  p2=3%  p3=3%   random=0.1%   hit_100=93%
net22_r14     7 qubits   p_best p1=4%  p2=4%  p3=5%   random=0.8%   hit_100=99%
net22_r15     4 qubits   p_best p1=16%  p2=25%  p3=31%   random=6.2%   hit_100=100%

38 scenarios with a quantum step (2 need none). Total 238 s

  qubits  count    p_best p1    p_best p2    p_best p3   random  hit_100
       2      1        60.2%        68.3%        93.2%    25.0%   100.0%
       4      8        17.1%        34.9%        51.5%     7.0%   100.0%
       5     10        17.0%        17.4%        28.3%     3.1%   100.0%
       6      2         9.3%        16.4%        27.4%     1.6%   100.0%
       7      9         7.1%         7.9%        11.4%     0.8%    99.1%
       8      2         3.1%         7.1%        15.5%     0.4%    97.3%
       9      1         2.0%         2.2%         1.8%     0.2%    84.3%
      10      3         2.9%         2.7%         2.2%     0.1%    88.3%
      11      1         0.6%         0.7%         0.7%     0.1%    49.6%
      12      1         2.1%         2.2%         2.1%     0.0%    88.1%

Average over all: p_best 26.0% vs random 3.3%;  optimum found within 100 shots in 30/38 scenarios (>99% chance)
Saved: qacrs/results/phase4_qaoa_sim.json
Hard scenarios only (7+ qubits). p_best = chance ONE measurement is optimal.

scenario     qubits           mean p1/p2/p3           CVaR p1/p2/p3   random
net12_h03         7                4%/4%/7%              4%/10%/15%    0.78%
net12_h06         7             13%/15%/23%             12%/11%/15%    0.78%
net12_h07        10                2%/2%/2%               3%/5%/11%    0.10%
net12_r03         7                4%/4%/5%               5%/6%/11%    0.78%
net12_r04         7             11%/15%/25%             10%/10%/10%    0.78%
net12_r06         7              9%/12%/17%              9%/10%/10%    0.78%
net12_r12         7               8%/9%/11%              9%/10%/10%    0.78%
net12_r13         7                3%/4%/3%                3%/4%/9%    0.78%
net12_r14         8                3%/2%/3%              6%/10%/10%    0.39%
net22_r03        11                1%/1%/1%                1%/1%/5%    0.05%
net22_r04         7                7%/4%/7%             10%/10%/11%    0.78%
net22_r07        10                3%/3%/2%               5%/7%/10%    0.10%
net22_r09        12                2%/2%/2%               3%/5%/11%    0.02%
net22_r10         8              3%/12%/28%              4%/10%/10%    0.39%
net22_r12         9                2%/2%/2%                2%/2%/3%    0.20%
net22_r13        10                4%/3%/3%             10%/10%/10%    0.10%
net22_r14         7                4%/4%/5%               4%/4%/10%    0.78%

17 hard scenarios, depth p=3:
                          mean (before)   CVaR (after)
p_best (one shot)                  8.5%          10.0%
optimum in 100 shots               9/17          16/17
random guess                      0.49%

 qubits  mean p_best  CVaR p_best    gain
      7        11.4%        11.2%    1.0x
      8        15.5%        10.0%    0.6x
      9         1.8%         2.7%    1.5x
     10         2.2%        10.3%    4.7x
     11         0.7%         5.4%    7.9x
     12         2.1%        10.6%    5.0x

Time: 203 s
Saved: qacrs/results/phase4b_cvar.json

real	7m21.671s
user	7m17.098s
sys	0m0.132s
